// Jest Snapshot v1, https://goo.gl/fbAQLP

exports[`<Table /> should render the various rows in Table 1`] = `
<div>
  <div
    class="sc-AykKC iLtsOi"
  >
    <div
      class="sc-AykKD dOvTbI"
    >
      <p
        class="sc-AykKE PnnHt"
      >
        Timestamp
      </p>
      <p
        class="sc-AykKE PnnHt"
      >
        Action
      </p>
      <p
        class="sc-AykKE PnnHt"
      >
        Description
      </p>
      <p
        class="sc-AykKE PnnHt"
      >
        Amount
      </p>
      <p
        class="sc-AykKE PnnHt"
      >
        Currency
      </p>
    </div>
    <div
      class="sc-AykKF TAKLS"
    >
      <p
        class="sc-AykKG dvNMrV"
      >
        2/17/2020
      </p>
      <p
        class="sc-AykKG dvNMrV"
      >
        Credit
      </p>
      <p
        class="sc-AykKG dvNMrV"
      >
        N.A
      </p>
      <p
        class="sc-AykKG dvNMrV"
      >
        $10,000.00
      </p>
      <p
        class="sc-AykKG dvNMrV"
      >
        SGD
      </p>
    </div>
  </div>
</div>
`;
